
> purerend-web@0.1.0 build
> next build

Ôû▓ Next.js 16.2.2 (Turbopack)

  Creating an optimized production build ...
Ô£ô Compiled successfully in 6.6s
  Running TypeScript ...
  Finished TypeScript in 5.4s ...
  Collecting page data using 11 workers ...
  Generating static pages using 11 workers (0/36) ...
node.exe : Error occurred prerendering page "/locations". 
Read more: https://nextjs.org/docs/messages/prerender-error
At line:1 char:1
+ & "C:\Program Files\nodejs/node.exe" "C:\Program 
Files\nodejs/node_mo ...
+ ~~~~~~~~~~~~~~~~~~~~~~~~~~~~~~~~~~~~~~~~~~~~~~~~~~~~~~~~~~~
~~~~~~~~~~
    + CategoryInfo          : NotSpecified: (Error occurred  
   ...prerender-error:String) [], RemoteException
    + FullyQualifiedErrorId : NativeCommandError
 
Error: Attempted to call createMotionComponent() from the 
server but createMotionComponent is on the client. It's not 
possible to invoke a client function from the server, it can 
only be rendered as a Component or passed to props of a 
Client Component.
    at <unknown> (C:\Users\User\Desktop\Pure Rend\.next\serve
r\chunks\ssr\[root-of-the-server]__0ofg_cw._.js:1:1738)
    at Object.get (C:\Users\User\Desktop\Pure Rend\.next\serv
er\chunks\ssr\[root-of-the-server]__0ofg_cw._.js:1:106288)
    at fd (C:\Users\User\Desktop\Pure Rend\.next\server\chunk
s\ssr\[root-of-the-server]__0ofg_cw._.js:1:115114)
    at stringify (<anonymous>) {
  digest: '444868330'
}
Export encountered an error on /locations/page: /locations, 
exiting the build.
Error occurred prerendering page "/_not-found". Read more: 
https://nextjs.org/docs/messages/prerender-error
Error: Attempted to call createMotionComponent() from the 
server but createMotionComponent is on the client. It's not 
possible to invoke a client function from the server, it can 
only be rendered as a Component or passed to props of a 
Client Component.
    at <unknown> (C:\Users\User\Desktop\Pure Rend\.next\serve
r\chunks\ssr\[root-of-the-server]__0ofg_cw._.js:1:1738)
    at Object.get (C:\Users\User\Desktop\Pure Rend\.next\serv
er\chunks\ssr\[root-of-the-server]__0ofg_cw._.js:1:106288)
    at fd (C:\Users\User\Desktop\Pure Rend\.next\server\chunk
s\ssr\[root-of-the-server]__0ofg_cw._.js:1:115114)
    at stringify (<anonymous>) {
  digest: '444868330'
}
Export encountered an error on /_not-found/page: 
/_not-found, exiting the build.
Ô¿» Next.js build worker exited with code: 1 and signal: null
